[www.desiiptv.net/index.html]
[backblue.gif]
[fade.gif]
[index.html]
[www.desiiptv.net/img/request-bc.jpg]
[www.desiiptv.net/img/favicon.png]
[www.desiiptv.net/css/style3.css]
[www.desiiptv.net/img/captcha-btn.png]
[www.desiiptv.net/buy.html]
[www.desiiptv.net/img/Black-Friday-sale.jpg]
[www.desiiptv.net/img/tashan-iptv.jpg]
[www.desiiptv.net/img/Black-Friday-sale-mob.jpg]
[www.desiiptv.net/img/mobile-slider/tashan-iptv.jpg]
[www.desiiptv.net/set-top-box.html]
[www.desiiptv.net/about.html]
[www.desiiptv.net/hindi-channels.html]
[www.desiiptv.net/punjabi-channels.html]
[www.desiiptv.net/gujarati-channels.html]
[www.desiiptv.net/bengali-channels.html]
[www.desiiptv.net/urdu-channels.html]
[www.desiiptv.net/english-channels.html]
[www.desiiptv.net/kannada-channels.html]
[www.desiiptv.net/malayalam-channels.html]
[www.desiiptv.net/marathi-channels.html]
[www.desiiptv.net/telugu-channels.html]
[www.desiiptv.net/nepali-channels.html]
[www.desiiptv.net/tamil-channels.html]
[www.desiiptv.net/img/green-btn.png]
[www.desiiptv.net/contact-us.html]
[www.desiiptv.net/images/close.png]
[www.desiiptv.net/dist/js/bundle-min.js]
[code.jquery.com/jquery-1.11.0.min.js]
[www.desiiptv.net/inc/header.html]
[www.desiiptv.net/inc/footer.html]
[eazee.xyz/public/embed/Su8A4jg20201105093109.js]
[www.desiiptv.net/index.html]
[www.desiiptv.net/fonts/glyphicons-halflings-regular.eot]
[www.desiiptv.net/fonts/glyphicons-halflings-regulard41d.eot]
[www.desiiptv.net/fonts/glyphicons-halflings-regular.woff2]
[www.desiiptv.net/fonts/glyphicons-halflings-regular.woff]
[www.desiiptv.net/fonts/glyphicons-halflings-regular.ttf]
[www.desiiptv.net/fonts/fontawesome-webfont3e6e.eot]
[www.desiiptv.net/fonts/fontawesome-webfontd41d.eot]
[www.desiiptv.net/fonts/fontawesome-webfont3e6e.woff2]
[www.desiiptv.net/fonts/fontawesome-webfont3e6e.woff]
[www.desiiptv.net/fonts/fontawesome-webfont3e6e.ttf]
[www.desiiptv.net/img/head-bc.jpg]
[www.desiiptv.net/img/cal-bg.jpg]
[www.desiiptv.net/img/cal-bg.png]
[www.desiiptv.net/img/client-bc.jpg]
[www.desiiptv.net/img/counter-bc.jpg]
[www.desiiptv.net/img/news-bc.jpg]
[www.desiiptv.net/images/popup.png]
[www.desiiptv.net/img/about-bc.png]
[www.desiiptv.net/img/line-1.png]
[www.desiiptv.net/img/line.png]
[www.desiiptv.net/img/featue-bc.png]
[www.desiiptv.net/img/bullets.png]
[www.desiiptv.net/img/featue-bc-1.jpg]
[www.desiiptv.net/img/bullet.png]
[www.desiiptv.net/img/bullet-1.png]
[www.desiiptv.net/img/contact-from.png]
[www.desiiptv.net/img/request-bc.png]
[www.desiiptv.net/img/channel-list-background.png]
[www.desiiptv.net/img/channel-plus.png]
[www.desiiptv.net/img/hand.png]
[www.desiiptv.net/img/faq-directory.png]
[www.desiiptv.net/img/faqproceed.png]
[www.desiiptv.net/img/faq-right-icon.png]
[www.desiiptv.net/img/background.png]
[www.desiiptv.net/img/channel-bg.jpg]
[www.desiiptv.net/img/latestUpdate.jpg]
[www.desiiptv.net/img/calculater-bg.png]
[www.desiiptv.net/img/channel-list-background-1.png]
[www.desiiptv.net/css/grabbing.png]
[www.desiiptv.net/css/custom-mini.css]
[www.desiiptv.net/css/new-pages.css]
[www.desiiptv.net/css/style3.html]
[www.desiiptv.net/css/mobile-menuf9e3.css]
[www.googletagmanager.com/gtm5445.html]
[www.desiiptv.net/img/desiiptv-5-Years-Subscription.jpg]
[www.desiiptv.net/img/red-phone.png]
[www.desiiptv.net/images/add-to-cart.png]
[www.paypalobjects.com/en_US/i/scr/pixel.gif]
[www.desiiptv.net/images/contact.png]
[www.desiiptv.net/buy.html]
[www.desiiptv.net/features.html]
[www.desiiptv.net/box-images/tv.png]
[www.desiiptv.net/box-images/favicon.ico]
[www.google-analytics.com/analytics.js]
[www.desiiptv.net/box-images/head-bc.jpg]
[www.desiiptv.net/box-images/heading-bg.png]
[www.desiiptv.net/box-images/refresh.png]
[www.desiiptv.net/box-images/setupbox-mobile.jpg]
[www.desiiptv.net/box-images/setup-dk.jpg]
[www.desiiptv.net/box-images/XTV-5G-Meelo-Plus.jpg]
[www.desiiptv.net/box-images/MAG520.jpg]
[www.desiiptv.net/MAG520]
[www.desiiptv.net/box-images/MAG520W3.jpg]
[www.desiiptv.net/box-images/MAG524W3.jpg]
[www.desiiptv.net/box-images/MAG522W3.jpg]
[www.desiiptv.net/box-images/unipro-box.jpg]
[www.desiiptv.net/box-images/STREAMPRO-Buzz-TV.jpg]
[www.desiiptv.net/box-images/Buzz-TV-A4.jpg]
[www.desiiptv.net/box-images/Refer-with-Your-Friends-and-family.png]
[www.desiiptv.net/best-iptv-usa.html]
[www.desiiptv.net/box-images/poster-01.jpg]
[www.desiiptv.net/box-images/poster-02.jpg]
[www.desiiptv.net/box-images/poster-03.jpg]
[www.desiiptv.net/box-images/poster-04.jpg]
[www.desiiptv.net/box-images/poster-05.jpg]
[www.desiiptv.net/box-images/poster-06.jpg]
[www.desiiptv.net/box-images/dotted.jpg]
[www.desiiptv.net/box-images/counter-bc.jpg]
[ajax.googleapis.com/ajax/libs/jquery/3.5.1/jquery.min.js]
[www.desiiptv.net/GET]
[www.desiiptv.net/set-top-box.html]
[www.desiiptv.net/img/channels-icon/channels-head.jpg]
[www.desiiptv.net/box-images/index.html]
[www.desiiptv.net/img/channels-icon/hindi-channels.jpg]
[www.desiiptv.net/img/channels-icon/gujarati-channesls.jpg]
[www.desiiptv.net/img/channels-icon/punjabi-channels-left.jpg]
[www.desiiptv.net/img/channels-icon/malayalam.jpg]
[www.desiiptv.net/img/channels-icon/srilankan-channesl.jpg]
[www.desiiptv.net/img/channels-icon/mararthi-channels.jpg]
[www.desiiptv.net/img/channels-icon/english-channels.jpg]
[www.desiiptv.net/img/channels-icon/talugu-channesl.jpg]
[www.desiiptv.net/img/channels-icon/bangla-channel.jpg]
[www.desiiptv.net/img/channels-icon/tamil-channesl.jpg]
[www.desiiptv.net/img/channels-icon/kannada.jpg]
[www.desiiptv.net/img/channels-icon/nepali-channesl.jpg]
[www.desiiptv.net/about.html]
[www.desiiptv.net/images/channels/hindi-channels.jpg]
[www.desiiptv.net/images/channels/hindi-channels-left.jpg]
[www.desiiptv.net/images/channels/MUSIC.png]
[www.desiiptv.net/images/channels/NEWS.png]
[www.desiiptv.net/images/channels/ENTERTAINMENT.png]
[www.desiiptv.net/images/channels/MOVIES.png]
[www.desiiptv.net/images/channels/RELIGIOUS.png]
[www.desiiptv.net/images/channels/SPIRITUAL.png]
[www.desiiptv.net/images/channels/SPORTS.png]
[www.desiiptv.net/images/channels/COMEDY.png]
[www.desiiptv.net/images/channels/WEATHER.png]
[www.desiiptv.net/images/channels/FOOD-AND-LIFESTYLE.png]
[www.desiiptv.net/images/channels/TRAVEL.png]
[www.desiiptv.net/images/channels/POLITICAL.png]
[www.desiiptv.net/images/channels/SCIENCE.png]
[www.desiiptv.net/images/channels/LIFESTYLE.png]
[www.desiiptv.net/images/channels/KIDS-CARTOON.png]
[www.desiiptv.net/images/channels/COMMERCIAL.png]
[www.desiiptv.net/images/channels/THRILLER.png]
[www.desiiptv.net/images/channels/Education.png]
[www.desiiptv.net/images/channels/save-over.jpg]
[www.desiiptv.net/hindi-channels.html]
[www.desiiptv.net/images/channels/punjabi-channels.jpg]
[www.desiiptv.net/punjabi-channels.html]
[www.desiiptv.net/images/channels/punjabi-channels-left.jpg]
[www.desiiptv.net/images/channels/gujarati-channels.jpg]
[www.desiiptv.net/images/channels/gujarati-channels-left.jpg]
[www.desiiptv.net/gujarati-channels.html]
[www.desiiptv.net/images/channels/bengali-channels.jpg]
[www.desiiptv.net/bengali-channels.html]
[www.desiiptv.net/images/channels/bengali-channels-left.jpg]
[www.desiiptv.net/images/channels/urdu-channels.jpg]
[www.desiiptv.net/images/channels/urdu-channels-left.jpg]
[www.desiiptv.net/urdu-channels.html]
[www.desiiptv.net/images/channels/english-channels.jpg]
[www.desiiptv.net/images/channels/english-channels-left.jpg]
[www.desiiptv.net/english-channels.html]
[www.desiiptv.net/images/channels/kannada-channels.jpg]
[www.desiiptv.net/images/channels/malayalam-channels-left.jpg]
[www.desiiptv.net/kannada-channels.html]
[www.desiiptv.net/images/channels/malayalam-channels.jpg]
[www.desiiptv.net/malayalam-channels.html]
[www.desiiptv.net/images/channels/marathi-channels.jpg]
[www.desiiptv.net/images/channels/marathi-channels-left.jpg]
[www.desiiptv.net/marathi-channels.html]
[www.desiiptv.net/images/channels/telugu-channels.jpg]
[www.desiiptv.net/telugu-channels.html]
[www.desiiptv.net/images/channels/telugu-channels-left.jpg]
[www.desiiptv.net/images/channels/nepali-channels.jpg]
[www.desiiptv.net/images/channels/nepali-channels-left.jpg]
[www.desiiptv.net/nepali-channels.html]
[www.desiiptv.net/images/channels/tamil-channels.jpg]
[www.desiiptv.net/images/channels/tamil-channels-left.jpg]
[www.desiiptv.net/tamil-channels.html]
[www.desiiptv.net/img/contact-us-tashan.jpg]
[www.desiiptv.net/img/get-a-quote.png]
[www.desiiptv.net/img/live-chat.png]
[www.desiiptv.net/img/customer-support.png]
[www.desiiptv.net/contact-us.html]
[www.desiiptv.net/inc/img/tashan-logo.png]
[www.desiiptv.net/inc/index.html]
[www.desiiptv.net/inc/about.html]
[www.desiiptv.net/inc/channels.html]
[www.desiiptv.net/inc/hindi-channels.html]
[www.desiiptv.net/inc/punjabi-channels.html]
[www.desiiptv.net/inc/gujarati-channels.html]
[www.desiiptv.net/inc/bengali-channels.html]
[www.desiiptv.net/inc/urdu-channels.html]
[www.desiiptv.net/inc/english-channels.html]
[www.desiiptv.net/inc/kannada-channels.html]
[www.desiiptv.net/inc/malayalam-channels.html]
[www.desiiptv.net/inc/marathi-channels.html]
[www.desiiptv.net/inc/telugu-channels.html]
[www.desiiptv.net/inc/nepali-channels.html]
[www.desiiptv.net/inc/assamese-channels.html]
[www.desiiptv.net/inc/oriya-channels.html]
[www.desiiptv.net/inc/tamil-channels.html]
[www.desiiptv.net/inc/features.html]
[www.desiiptv.net/inc/testimonials.html]
[www.desiiptv.net/inc/buy.html]
[www.desiiptv.net/inc/contact-us.html]
[www.desiiptv.net/inc/img/logo.png]
[www.desiiptv.net/inc/set-top-box.html]
[www.desiiptv.net/inc/header.html]
[www.desiiptv.net/inc/sitemap.html]
[www.desiiptv.net/inc/dist/js/bundle-min30f4.js]
[www.desiiptv.net/inc/footer.html]
[www.desiiptv.net/fonts/glyphicons-halflings-regular.html]
[www.desiiptv.net/fonts/glyphicons-halflings-regulard41d.html]
[www.desiiptv.net/fonts/glyphicons-halflings-regular.svg]
[www.desiiptv.net/fonts/fontawesome-webfont3e6e.html]
[www.desiiptv.net/fonts/fontawesome-webfont3e6e.svg]
[www.desiiptv.net/img/cal-bg.html]
[www.desiiptv.net/img/faq-directory.html]
[www.desiiptv.net/img/faqproceed.html]
[www.desiiptv.net/img/faq-right-icon.html]
[www.desiiptv.net/css/grabbing.html]
[www.desiiptv.net/features.html]
[www.desiiptv.net/box-images/loading.svg]
[www.desiiptv.net/MAG520.html]
[www.desiiptv.net/best-iptv-usa.html]
[www.desiiptv.net/box-images/index.html]
[www.desiiptv.net/GET.html]
[www.desiiptv.net/mail/rand.html]
[www.desiiptv.net/inc/img/tashan-logo.html]
[www.desiiptv.net/inc/index.html]
[www.desiiptv.net/inc/about.html]
[www.desiiptv.net/inc/channels.html]
[www.desiiptv.net/inc/hindi-channels.html]
[www.desiiptv.net/inc/punjabi-channels.html]
[www.desiiptv.net/inc/gujarati-channels.html]
[www.desiiptv.net/inc/bengali-channels.html]
[www.desiiptv.net/inc/urdu-channels.html]
[www.desiiptv.net/inc/english-channels.html]
[www.desiiptv.net/inc/kannada-channels.html]
[www.desiiptv.net/inc/malayalam-channels.html]
[www.desiiptv.net/inc/marathi-channels.html]
[www.desiiptv.net/inc/telugu-channels.html]
[www.desiiptv.net/inc/nepali-channels.html]
[www.desiiptv.net/inc/assamese-channels.html]
[www.desiiptv.net/inc/oriya-channels.html]
[www.desiiptv.net/inc/tamil-channels.html]
[www.desiiptv.net/inc/features.html]
[www.desiiptv.net/inc/testimonials.html]
[www.desiiptv.net/inc/buy.html]
[www.desiiptv.net/inc/contact-us.html]
[www.desiiptv.net/inc/img/logo.html]
[www.desiiptv.net/inc/set-top-box.html]
[www.desiiptv.net/inc/sitemap.html]
[www.desiiptv.net/inc/dist/js/bundle-min30f4.html]
